2026-06-16 18:15:07 INFO     2026-06-16 18:15:07           daemon_process.py:29
                             gabriel.daemon INFO: Daemon                       
                             process started. PID=20188,                       
                             port=8765                                         
C:\Users\EvanN\Desktop\Gabriel\daemon_process.py:34: DeprecationWarning: 
        on_event is deprecated, use lifespan event handlers instead.

        Read more about it in the
        [FastAPI docs for Lifespan Events](https://fastapi.tiangolo.com/advanced/events/).
        
  @app.on_event("startup")
INFO:     Started server process [20188]
INFO:     Waiting for application startup.
2026-06-16 18:15:09Exception in thread Thread-1 (run_loop):
 INFO     2026-06-16 18:15:09           daemon_process.py:37
                             gabriel.daemon INFO: Daemon                       
                             thread started automatically                      
                             on process startup.                               
INFO:     Application startup complete.
INFO:     Uvicorn running on http://127.0.0.1:8765 (Press CTRL+C to quit)
Traceback (most recent call last):
  File "C:\Program Files\WindowsApps\PythonSoftwareFoundation.Python.3.13_3.13.3824.0_x64__qbz5n2kfra8p0\Lib\threading.py", line 1044, in _bootstrap_inner
    self.run()
    ~~~~~~~~^^
  File "C:\Program Files\WindowsApps\PythonSoftwareFoundation.Python.3.13_3.13.3824.0_x64__qbz5n2kfra8p0\Lib\threading.py", line 995, in run
    self._target(*self._args, **self._kwargs)
    ~~~~~~~~~~~~^^^^^^^^^^^^^^^^^^^^^^^^^^^^^
  File "C:\Users\EvanN\Desktop\Gabriel\daemon\daemon.py", line 126, in run_loop
    self._run_tick()
    ~~~~~~~~~~~~~~^^
  File "C:\Users\EvanN\Desktop\Gabriel\daemon\daemon.py", line 131, in _run_tick
    manager = self._load_config_manager()
  File "C:\Users\EvanN\Desktop\Gabriel\daemon\daemon.py", line 73, in _load_config_manager
    config_path = self._config_path()
                  ^^^^^^^^^^^^^^^^^
AttributeError: 'ServerDaemon' object has no attribute '_config_path'
2026-06-16 23:31:26 INFO     2026-06-16 23:31:26           daemon_process.py:29
                             gabriel.daemon INFO: Daemon                       
                             process started. PID=24752,                       
                             port=8765                                         
C:\Users\EvanN\Desktop\Gabriel\daemon_process.py:34: DeprecationWarning: 
        on_event is deprecated, use lifespan event handlers instead.

        Read more about it in the
        [FastAPI docs for Lifespan Events](https://fastapi.tiangolo.com/advanced/events/).
        
  @app.on_event("startup")
INFO:     Started server process [24752]
INFO:     Waiting for application startup.
Exception in thread Thread-1 (run_loop):
2026-06-16 23:31:27 INFO     2026-06-16 23:31:27           daemon_process.py:37
                             gabriel.daemon INFO: Daemon                       
                             thread started automatically                      
                             on process startup.                               
INFO:     Application startup complete.
INFO:     Uvicorn running on http://127.0.0.1:8765 (Press CTRL+C to quit)
Traceback (most recent call last):
  File "C:\Program Files\WindowsApps\PythonSoftwareFoundation.Python.3.13_3.13.3824.0_x64__qbz5n2kfra8p0\Lib\threading.py", line 1044, in _bootstrap_inner
    self.run()
    ~~~~~~~~^^
  File "C:\Program Files\WindowsApps\PythonSoftwareFoundation.Python.3.13_3.13.3824.0_x64__qbz5n2kfra8p0\Lib\threading.py", line 995, in run
    self._target(*self._args, **self._kwargs)
    ~~~~~~~~~~~~^^^^^^^^^^^^^^^^^^^^^^^^^^^^^
  File "C:\Users\EvanN\Desktop\Gabriel\daemon\daemon.py", line 126, in run_loop
    self._run_tick()
    ~~~~~~~~~~~~~~^^
  File "C:\Users\EvanN\Desktop\Gabriel\daemon\daemon.py", line 131, in _run_tick
    manager = self._load_config_manager()
  File "C:\Users\EvanN\Desktop\Gabriel\daemon\daemon.py", line 73, in _load_config_manager
    config_path = self._config_path()
                  ^^^^^^^^^^^^^^^^^
AttributeError: 'ServerDaemon' object has no attribute '_config_path'
